../Core/Src/main.c:78:5:main	8	static
../Core/Src/main.c:129:6:SystemClock_Config	88	static
../Core/Src/main.c:171:13:MX_CAN1_Init	8	static
../Core/Src/main.c:207:13:MX_TIM1_Init	48	static
../Core/Src/main.c:266:13:MX_TIM2_Init	64	static
../Core/Src/main.c:325:13:MX_TIM3_Init	32	static
../Core/Src/main.c:370:13:MX_TIM4_Init	64	static
../Core/Src/main.c:429:13:MX_USART2_UART_Init	8	static
../Core/Src/main.c:462:13:MX_GPIO_Init	48	static
../Core/Src/main.c:512:6:Error_Handler	4	static,ignoring_inline_asm
