../Core/Src/work.c:20:6:InitWork	8	static
../Core/Src/work.c:29:6:DoWork	8	static
../Core/Src/work.c:39:6:CheckUart2Rx	16	static
../Core/Src/work.c:60:6:HAL_UART_RxCpltCallback	16	static
../Core/Src/work.c:72:9:GetUart2RxByte	16	static
../Core/Src/work.c:87:5:__io_putchar	16	static
../Core/Src/work.c:93:10:GetElapsedTick	24	static
../Core/Src/work.c:104:6:ChangeRunLed	8	static
../Core/Src/work.c:113:6:ToggleRunLed	8	static
../Core/Src/work.c:123:6:ReadButton	16	static
../Core/Src/work.c:152:6:CheckButtonPressed	4	static
