../Core/Src/work.c:28:6:InitWork	8	static
../Core/Src/work.c:50:6:DoWork	8	static
../Core/Src/work.c:66:6:ChangeRunLedPwm	8	static
../Core/Src/work.c:83:6:CheckUart2Rx	16	static
../Core/Src/work.c:104:6:HAL_UART_RxCpltCallback	16	static
../Core/Src/work.c:117:6:HAL_TIM_PeriodElapsedCallback	16	static
../Core/Src/work.c:124:9:GetUart2RxByte	16	static
../Core/Src/work.c:137:6:ChangeRunLed	8	static
../Core/Src/work.c:149:6:ToggleRunLed	8	static
../Core/Src/work.c:159:6:ReadButton	16	static
../Core/Src/work.c:188:6:CheckButtonPressed	4	static
