21:33:47 **** Incremental Build of configuration Debug for project f446 ****
make -j6 all 
arm-none-eabi-gcc "../Core/Src/main.c" -mcpu=cortex-m4 -std=gnu11 -g3 -DDEBUG -DUSE_HAL_DRIVER -DSTM32F446xx -c -I../Core/Inc -I../Drivers/STM32F4xx_HAL_Driver/Inc -I../Drivers/STM32F4xx_HAL_Driver/Inc/Legacy -I../Drivers/CMSIS/Device/ST/STM32F4xx/Include -I../Drivers/CMSIS/Include -O0 -ffunction-sections -fdata-sections -Wall -fstack-usage -fcyclomatic-complexity -MMD -MP -MF"Core/Src/main.d" -MT"Core/Src/main.o" --specs=nano.specs -mfpu=fpv4-sp-d16 -mfloat-abi=hard -mthumb -o "Core/Src/main.o"
arm-none-eabi-gcc -o "f446.elf" @"objects.list"   -mcpu=cortex-m4 -T"D:\can\code2\f446\STM32F446RETX_FLASH.ld" --specs=nosys.specs -Wl,-Map="f446.map" -Wl,--gc-sections -static --specs=nano.specs -mfpu=fpv4-sp-d16 -mfloat-abi=hard -mthumb -Wl,--start-group -lc -lm -Wl,--end-group
Finished building target: f446.elf
 
arm-none-eabi-size  f446.elf 
arm-none-eabi-objdump -h -S f446.elf  > "f446.list"
   text	   data	    bss	    dec	    hex	filename
   6820	     12	   1572	   8404	   20d4	f446.elf
Finished building: default.size.stdout
 
Finished building: f446.list
 

21:33:50 Build Finished. 0 errors, 0 warnings. (took 2s.474ms)

